import { useQuery } from '@tanstack/react-query';
import { useNavigate } from 'react-router-dom';
import { supabase } from '@/integrations/supabase/client';
import { Button } from '@/components/ui/button';
import { Badge } from '@/components/ui/badge';
import {
  Table,
  TableBody,
  TableCell,
  TableHead,
  TableHeader,
  TableRow,
} from '@/components/ui/table';
import { Plus, Loader2 } from 'lucide-react';
import type { Client } from '@/types/database';
import { paymentTermsLabels } from '@/types/database';

export default function ClientsPage() {
  const navigate = useNavigate();

  const { data: clients, isLoading } = useQuery({
    queryKey: ['clients'],
    queryFn: async () => {
      const { data, error } = await supabase
        .from('clients')
        .select('*')
        .order('company_name');
      if (error) throw error;
      return data as Client[];
    },
  });

  return (
    <div className="space-y-6">
      <div className="flex items-center justify-between">
        <div>
          <h1 className="text-3xl font-bold tracking-tight">Clients</h1>
          <p className="text-muted-foreground">Manage client accounts, contacts, and addresses</p>
        </div>
        <Button onClick={() => navigate('/admin/clients/new')}>
          <Plus className="mr-2 h-4 w-4" />
          Add Client
        </Button>
      </div>

      {isLoading ? (
        <div className="flex items-center justify-center py-12">
          <Loader2 className="h-8 w-8 animate-spin text-muted-foreground" />
        </div>
      ) : clients?.length === 0 ? (
        <div className="text-center py-12 text-muted-foreground">
          No clients yet. Add your first client to get started.
        </div>
      ) : (
        <div className="rounded-lg border bg-card">
          <Table>
            <TableHeader>
              <TableRow>
                <TableHead>Company</TableHead>
                <TableHead>Payment Terms</TableHead>
                <TableHead>Tax Exempt</TableHead>
                <TableHead>Status</TableHead>
              </TableRow>
            </TableHeader>
            <TableBody>
              {clients?.map((client) => (
                <TableRow
                  key={client.id}
                  className="cursor-pointer"
                  onClick={() => navigate(`/admin/clients/${client.id}`)}
                >
                  <TableCell className="font-medium">{client.company_name}</TableCell>
                  <TableCell className="text-muted-foreground">
                    {paymentTermsLabels[client.payment_terms as keyof typeof paymentTermsLabels] || client.payment_terms}
                  </TableCell>
                  <TableCell>
                    {client.tax_exempt ? (
                      <Badge variant="secondary" className="text-xs">Exempt</Badge>
                    ) : (
                      <span className="text-muted-foreground">—</span>
                    )}
                  </TableCell>
                  <TableCell>
                    <Badge variant={client.is_active ? 'default' : 'secondary'} className="text-xs">
                      {client.is_active ? 'Active' : 'Inactive'}
                    </Badge>
                  </TableCell>
                </TableRow>
              ))}
            </TableBody>
          </Table>
        </div>
      )}
    </div>
  );
}
